UI GOLDEN BEGIN
scene|battle|name|Battle
battle|step1|party1|67/67
battle|step1|mp|3000
battle|step2|party1|67/67
battle|step2|enemy1|12/12
battle|step2|enemy2|32/32
battle|step2|mp|3000
battle|step3|party1|67/67
battle|step3|enemy1|12/12
battle|step3|enemy2|32/32
battle|step3|mp|3000
battle|step4|party1|67/67
battle|step4|enemy1|12/12
battle|step4|enemy2|32/32
battle|step4|mp|3000
battle|step5|party1|67/67
battle|step5|enemy1|12/12
battle|step5|enemy2|32/32
battle|step5|mp|3000
battle|step6|party1|67/67
battle|step6|enemy1|12/12
battle|step6|enemy2|32/32
battle|step6|mp|3000
battle|step7|party1|67/67
battle|step7|enemy1|12/12
battle|step7|enemy2|32/32
battle|step7|mp|3000
battle|step8|party1|67/67
battle|step8|enemy1|12/12
battle|step8|enemy2|32/32
battle|step8|mp|3000
battle|step9|party1|67/67
battle|step9|enemy1|12/12
battle|step9|enemy2|32/32
battle|step9|mp|3000
battle|step10|party1|67/67
battle|step10|enemy1|12/12
battle|step10|enemy2|32/32
battle|step10|mp|3000
battle|step11|party1|67/67
battle|step11|enemy1|12/12
battle|step11|enemy2|32/32
battle|step11|mp|3000
battle|step12|party1|67/67
battle|step12|enemy1|12/12
battle|step12|enemy2|32/32
battle|step12|mp|3000
battle|step13|party1|67/67
battle|step13|enemy1|12/12
battle|step13|enemy2|32/32
battle|step13|mp|3000
battle|step14|party1|67/67
battle|step14|enemy1|12/12
battle|step14|enemy2|32/32
battle|step14|mp|3000
battle|step15|party1|67/67
battle|step15|enemy1|12/12
battle|step15|enemy2|32/32
battle|step15|mp|3000
battle|step16|party1|67/67
battle|step16|enemy1|12/12
battle|step16|enemy2|32/32
battle|step16|mp|3000
battle|step17|party1|67/67
battle|step17|enemy1|12/12
battle|step17|enemy2|32/32
battle|step17|mp|3000
battle|step18|party1|67/67
battle|step18|enemy1|12/12
battle|step18|enemy2|32/32
battle|step18|mp|3000
battle|step19|party1|67/67
battle|step19|enemy1|12/12
battle|step19|enemy2|32/32
battle|step19|mp|3000
battle|step20|party1|67/67
battle|step20|enemy1|12/12
battle|step20|enemy2|32/32
battle|step20|mp|3000
battle|step21|party1|67/67
battle|step21|enemy1|12/12
battle|step21|enemy2|32/32
battle|step21|mp|3000
battle|step22|party1|67/67
battle|step22|enemy1|12/12
battle|step22|enemy2|32/32
battle|step22|mp|3000
battle|step23|party1|67/67
battle|step23|enemy1|12/12
battle|step23|enemy2|32/32
battle|step23|mp|3000
battle|step24|party1|67/67
battle|step24|enemy1|12/12
battle|step24|enemy2|32/32
battle|step24|mp|3000
battle|step25|party1|67/67
battle|step25|enemy1|12/12
battle|step25|enemy2|32/32
battle|step25|mp|3000
battle|step26|party1|67/67
battle|step26|enemy1|12/12
battle|step26|enemy2|32/32
battle|step26|mp|3000
battle|step27|party1|67/67
battle|step27|enemy1|12/12
battle|step27|enemy2|32/32
battle|step27|mp|3000
battle|step28|party1|67/67
battle|step28|enemy1|12/12
battle|step28|enemy2|32/32
battle|step28|mp|3000
battle|step29|party1|67/67
battle|step29|enemy1|12/12
battle|step29|enemy2|32/32
battle|step29|mp|3000
battle|step30|party1|67/67
battle|step30|enemy1|12/12
battle|step30|enemy2|32/32
battle|step30|mp|3000
battle|step31|party1|67/67
battle|step31|enemy1|12/12
battle|step31|enemy2|32/32
battle|step31|mp|3000
battle|step32|party1|67/67
battle|step32|enemy1|12/12
battle|step32|enemy2|32/32
battle|step32|mp|3000
battle|step33|party1|67/67
battle|step33|enemy1|12/12
battle|step33|enemy2|32/32
battle|step33|mp|3000
battle|step34|party1|67/67
battle|step34|enemy1|12/12
battle|step34|enemy2|32/32
battle|step34|mp|3000
battle|step35|party1|67/67
battle|step35|enemy1|12/12
battle|step35|enemy2|32/32
battle|step35|mp|3000
battle|step36|party1|67/67
battle|step36|enemy1|12/12
battle|step36|enemy2|32/32
battle|step36|mp|3000
battle|step37|party1|67/67
battle|step37|enemy1|12/12
battle|step37|enemy2|32/32
battle|step37|mp|3000
battle|step38|party1|67/67
battle|step38|enemy1|12/12
battle|step38|enemy2|32/32
battle|step38|mp|3000
battle|step39|party1|67/67
battle|step39|enemy1|12/12
battle|step39|enemy2|32/32
battle|step39|mp|3000
battle|step40|party1|67/67
battle|step40|enemy1|12/12
battle|step40|enemy2|32/32
battle|step40|mp|3000
battle|step41|party1|67/67
battle|step41|enemy1|12/12
battle|step41|enemy2|32/32
battle|step41|mp|3000
battle|step42|party1|67/67
battle|step42|enemy1|12/12
battle|step42|enemy2|32/32
battle|step42|mp|3000
battle|step43|party1|67/67
battle|step43|enemy1|12/12
battle|step43|enemy2|32/32
battle|step43|mp|3000
battle|step44|party1|51/67
battle|step44|enemy1|2/12
battle|step44|enemy2|32/32
battle|step44|mp|3000
battle|step45|party1|48/67
battle|step45|enemy1|0/12
battle|step45|enemy2|32/32
battle|step45|mp|3000
battle|step46|party1|48/67
battle|step46|enemy1|0/12
battle|step46|enemy2|32/32
battle|step46|mp|3000
battle|step47|party1|48/67
battle|step47|enemy1|0/12
battle|step47|enemy2|32/32
battle|step47|mp|3000
battle|step48|party1|48/67
battle|step48|enemy1|0/12
battle|step48|enemy2|32/32
battle|step48|mp|3000
battle|step49|party1|48/67
battle|step49|enemy1|0/12
battle|step49|enemy2|32/32
battle|step49|mp|3000
battle|step50|party1|48/67
battle|step50|enemy1|0/12
battle|step50|enemy2|32/32
battle|step50|mp|3000
battle|step51|party1|48/67
battle|step51|enemy1|0/12
battle|step51|enemy2|32/32
battle|step51|mp|3000
battle|step52|party1|48/67
battle|step52|enemy1|0/12
battle|step52|enemy2|32/32
battle|step52|mp|3000
battle|step53|party1|48/67
battle|step53|enemy1|0/12
battle|step53|enemy2|32/32
battle|step53|mp|3000
battle|step54|party1|48/67
battle|step54|enemy1|0/12
battle|step54|enemy2|32/32
battle|step54|mp|3000
battle|step55|party1|48/67
battle|step55|enemy1|0/12
battle|step55|enemy2|32/32
battle|step55|mp|3000
battle|step56|party1|48/67
battle|step56|enemy1|0/12
battle|step56|enemy2|32/32
battle|step56|mp|3000
battle|step57|party1|48/67
battle|step57|enemy1|0/12
battle|step57|enemy2|32/32
battle|step57|mp|3000
battle|step58|party1|48/67
battle|step58|enemy1|0/12
battle|step58|enemy2|32/32
battle|step58|mp|3000
battle|step59|party1|48/67
battle|step59|enemy1|0/12
battle|step59|enemy2|32/32
battle|step59|mp|3000
battle|step60|party1|48/67
battle|step60|enemy1|0/12
battle|step60|enemy2|32/32
battle|step60|mp|3000
UI GOLDEN END
